
> @figma/my-make-file@0.0.1 build
> vite build

[36mvite v6.3.5 [32mbuilding for production...[36m[39m
transforming...
[32mΓ£ô[39m 2681 modules transformed.
rendering chunks...
computing gzip size...
[2mdist/[22m[32mindex.html                            [39m[1m[2m  0.54 kB[22m[1m[22m[2m Γöé gzip:   0.34 kB[22m
[2mdist/[22m[35massets/index-CARkgLdb.css             [39m[1m[2m 97.94 kB[22m[1m[22m[2m Γöé gzip:  15.32 kB[22m
[2mdist/[22m[36massets/web-zh2p61a2.js                [39m[1m[2m  9.63 kB[22m[1m[22m[2m Γöé gzip:   1.34 kB[22m
[2mdist/[22m[36massets/jeep-sqlite.entry-b8RshsXd.js  [39m[1m[2m300.06 kB[22m[1m[22m[2m Γöé gzip:  84.49 kB[22m
[2mdist/[22m[36massets/index-aAd76wxy.js              [39m[1m[33m936.29 kB[39m[22m[2m Γöé gzip: 277.11 kB[22m
node.exe : [33m
En línea: 1 Carácter: 1
+ & "C:\Program Files\nodejs/node.exe" 
"C:\Users\abelr\AppData\Roaming\ ...
+ ~~~~~~~~~~~~~~~~~~~~~~~~~~~~~~~~~~~~~~~~~~~~~~~~~~~~~~~~~~~~
~~~~~~~~~
    + CategoryInfo          : NotSpecified: ([33m:String) [] 
   , RemoteException
    + FullyQualifiedErrorId : NativeCommandError
 
(!) Some chunks are larger than 500 kB after minification. 
Consider:
- Using dynamic import() to code-split the application
- Use build.rollupOptions.output.manualChunks to improve 
chunking: https://rollupjs.org/configuration-options/#output-m
anualchunks
- Adjust chunk size limit for this warning via 
build.chunkSizeWarningLimit.[39m
[32mΓ£ô built in 34.73s[39m
